Testing CAA Staff Scraper...
Scraped Staff Count: 0
Sample: undefined undefined
